// Jest Snapshot v1, https://goo.gl/fbAQLP

exports[`Matches shallow shapshot shapshot 1`] = `
<div
  className="src-shared-components-challenge-listing-Filters-___ChallengeFilters__challenge-filters___16ISg"
>
  <div
    className="src-shared-components-challenge-listing-Filters-___ChallengeFilters__filter-header___2l3Jh"
  >
    <ChallengeSearchBar
      label="Search Challenges:"
      onClearSearch={[Function]}
      onSearch={[Function]}
      placeholder="Type the challenge name here"
      query=""
      setQuery={[MockFunction]}
    />
    
    <span
      className="src-shared-components-challenge-listing-Filters-___ChallengeFilters__pulled-right___bfsMZ"
    >
      
      <span
        className="src-shared-components-challenge-listing-Filters-___ChallengeFilters__filter-btn___3sRQR"
        onClick={[Function]}
        onKeyPress={[Function]}
        role="button"
        tabIndex={0}
      >
        <FiltersIcon
          className="src-shared-components-challenge-listing-Filters-___ChallengeFilters__FiltersIcon___2xL1E"
          height="16"
          viewBox="0 0 16 16"
          width="16"
        />
        <span
          className="src-shared-components-challenge-listing-Filters-___ChallengeFilters__filtersCount___35dFo"
        >
          1
        </span>
      </span>
      <FiltersSwitch
        active={false}
        className="src-shared-components-challenge-listing-Filters-___ChallengeFilters__FiltersSwitch___1VgDJ"
        filtersCount={1}
        onSwitch={[MockFunction]}
      />
    </span>
  </div>
  <FiltersPanel
    challenges={Array []}
    communityFilters={
      Array [
        Object {
          "filter": Object {},
        },
      ]
    }
    communityName="name"
    filterState={Object {}}
    hidden={true}
    isAuth={false}
    isReviewOpportunitiesBucket={false}
    isSavingFilter={false}
    onClose={[Function]}
    onSaveFilter={[MockFunction]}
    selectCommunity={[MockFunction]}
    selectedCommunityId="3"
    setFilterState={[MockFunction]}
    setSearchText={[MockFunction]}
    validKeywords={
      Array [
        "",
      ]
    }
    validTypes={
      Array [
        "",
      ]
    }
  />
  <EditTrackPanel
    dataScienceEnabled={true}
    designEnabled={true}
    devEnabled={true}
    onClose={[Function]}
    opened={true}
    qaEnabled={true}
    switchDataScience={[Function]}
    switchDesign={[Function]}
    switchDev={[Function]}
    switchQA={[Function]}
  />
</div>
`;

exports[`Matches shallow shapshot shapshot 2`] = `
<div
  className="src-shared-components-challenge-listing-Filters-___ChallengeFilters__challenge-filters___16ISg"
>
  <div
    className="src-shared-components-challenge-listing-Filters-___ChallengeFilters__filter-header___2l3Jh"
  >
    <ChallengeSearchBar
      label="Search Challenges:"
      onClearSearch={[Function]}
      onSearch={[Function]}
      placeholder="Type the challenge name here"
      query=""
      setQuery={[MockFunction]}
    />
    <span>
      <span
        aria-checked={false}
        aria-label="Design toggle button pressed Off"
        className="src-shared-components-challenge-listing-Filters-___ChallengeFilters__filter-switch-with-label___21Ups"
        role="switch"
      >
        <ThemedSwitchWithLabel
          composeAdhocTheme="deeply"
          composeContextTheme="softly"
          enabled={false}
          labelAfter=""
          labelBefore="Design"
          mapThemrProps={[Function]}
          onSwitch={[Function]}
          themePriority="adhoc-context-default"
        />
      </span>
      <span
        aria-checked={false}
        aria-label="Development toggle button pressed Off"
        className="src-shared-components-challenge-listing-Filters-___ChallengeFilters__filter-switch-with-label___21Ups"
        role="switch"
      >
        <ThemedSwitchWithLabel
          composeAdhocTheme="deeply"
          composeContextTheme="softly"
          enabled={false}
          labelAfter=""
          labelBefore="Development"
          mapThemrProps={[Function]}
          onSwitch={[Function]}
          themePriority="adhoc-context-default"
        />
      </span>
      <span
        aria-checked={false}
        aria-label="Data Science toggle button pressed Off"
        className="src-shared-components-challenge-listing-Filters-___ChallengeFilters__filter-switch-with-label___21Ups"
        role="switch"
      >
        <ThemedSwitchWithLabel
          composeAdhocTheme="deeply"
          composeContextTheme="softly"
          enabled={false}
          labelAfter=""
          labelBefore="Data Science"
          mapThemrProps={[Function]}
          onSwitch={[Function]}
          themePriority="adhoc-context-default"
        />
      </span>
      <span
        aria-checked={false}
        aria-label="QA toggle button pressed Off"
        className="src-shared-components-challenge-listing-Filters-___ChallengeFilters__filter-switch-with-label___21Ups"
        role="switch"
      >
        <ThemedSwitchWithLabel
          composeAdhocTheme="deeply"
          composeContextTheme="softly"
          enabled={false}
          labelAfter=""
          labelBefore="QA"
          mapThemrProps={[Function]}
          onSwitch={[Function]}
          themePriority="adhoc-context-default"
        />
      </span>
    </span>
    <span
      className="src-shared-components-challenge-listing-Filters-___ChallengeFilters__pulled-right___bfsMZ"
    >
      <span
        className="src-shared-components-challenge-listing-Filters-___ChallengeFilters__track-btn___34Cfs"
        onClick={[Function]}
        onKeyPress={[Function]}
        role="button"
        tabIndex={0}
      >
        Tracks
        <span
          className="src-shared-components-challenge-listing-Filters-___ChallengeFilters__down-arrow___21HX_"
        />
      </span>
      <span
        className="src-shared-components-challenge-listing-Filters-___ChallengeFilters__filter-btn___3sRQR"
        onClick={[Function]}
        onKeyPress={[Function]}
        role="button"
        tabIndex={0}
      >
        <FiltersIcon
          className="src-shared-components-challenge-listing-Filters-___ChallengeFilters__FiltersIcon___2xL1E"
          height="16"
          viewBox="0 0 16 16"
          width="16"
        />
        <span
          className="src-shared-components-challenge-listing-Filters-___ChallengeFilters__filtersCount___35dFo"
        >
          4
        </span>
      </span>
      <FiltersSwitch
        active={false}
        className="src-shared-components-challenge-listing-Filters-___ChallengeFilters__FiltersSwitch___1VgDJ"
        filtersCount={4}
        onSwitch={[MockFunction]}
      />
    </span>
  </div>
  <FiltersPanel
    challenges={Array []}
    communityFilters={
      Array [
        Object {
          "filter": Object {},
        },
      ]
    }
    communityName="name"
    filterState={
      Object {
        "endDate": "2019-12-31T23:00:00.000Z",
        "startDate": "2019-12-31T23:00:00.000Z",
        "tags": Array [
          "abc",
        ],
        "tracks": Array [
          "tracks",
        ],
        "types": Array [
          "927abff4-7af9-4145-8ba1-577c16e64e2e",
        ],
      }
    }
    hidden={true}
    isAuth={false}
    isReviewOpportunitiesBucket={false}
    isSavingFilter={false}
    onClose={[Function]}
    onSaveFilter={[MockFunction]}
    selectCommunity={[MockFunction]}
    selectedCommunityId="3"
    setFilterState={[MockFunction]}
    setSearchText={[MockFunction]}
    validKeywords={
      Array [
        "",
      ]
    }
    validTypes={
      Array [
        "",
      ]
    }
  />
  <EditTrackPanel
    dataScienceEnabled={false}
    designEnabled={false}
    devEnabled={false}
    onClose={[Function]}
    opened={true}
    qaEnabled={false}
    switchDataScience={[Function]}
    switchDesign={[Function]}
    switchDev={[Function]}
    switchQA={[Function]}
  />
</div>
`;
