// Jest Snapshot v1, https://goo.gl/fbAQLP

exports[`Matches shapshot 1`] = `
<LeaderboardPageContainer
  HeadBanner={null}
  apiUrl="http://www.mocky.io/v2/59098e60100000b60747c10b"
  auth={null}
  id="communityLeaderboard"
  isLoadingLeaderboard={false}
  isTopGear={false}
  leaderboardData={null}
  loadLeaderboard={[Function]}
  loadedApiUrl={null}
  store={
    Object {
      "dispatch": [Function],
      "getState": [Function],
      "subscribe": [Function],
    }
  }
  storeSubscription={
    Subscription {
      "listeners": Object {
        "notify": [Function],
      },
      "onStateChange": [Function],
      "parentSub": undefined,
      "store": Object {
        "dispatch": [Function],
        "getState": [Function],
        "subscribe": [Function],
      },
      "unsubscribe": null,
    }
  }
/>
`;
