// Jest Snapshot v1, https://goo.gl/fbAQLP

exports[`Matches shallow shapshot 1`] = `
<div
  className="undefined  "
>
  <button
    onClick={[Function]}
    type="button"
  >
    <span />
  </button>
</div>
`;
